// Jest Snapshot v1, https://goo.gl/fbAQLP

exports[`Containers Search renders correctly 1`] = `<SearchBar />`;
