// Jest Snapshot v1, https://goo.gl/fbAQLP

exports[`Components WeatherCard renders correctly 1`] = `
ShallowWrapper {
  "length": 1,
  Symbol(enzyme.__root__): [Circular],
  Symbol(enzyme.__unrendered__): <WeatherCard
    code={0}
    date="date"
    high={0}
    icon="icon"
    low={0}
    temp={0}
/>,
  Symbol(enzyme.__renderer__): Object {
    "batchedUpdates": [Function],
    "getNode": [Function],
    "render": [Function],
    "simulateEvent": [Function],
    "unmount": [Function],
  },
  Symbol(enzyme.__node__): Object {
    "instance": null,
    "key": undefined,
    "nodeType": "function",
    "props": Object {
      "children": <CardPanel
        className="grey lighten-3"
>
        <Row
                className="center"
        >
                <Col
                        className="current-temp"
                        s={6}
                >
                        0
                        °
                </Col>
                <Col
                        s={6}
                >
                        <img
                                alt="weather icon"
                                src="https://openweathermap.org/img/w/icon.png"
                        />
                </Col>
                <Col
                        s={12}
                >
                        <p />
                        <p />
                </Col>
                <Col
                        className="date"
                        s={6}
                >
                        date
                </Col>
                <Col
                        className="high-low"
                        s={6}
                >
                        <Col
                                s={12}
                        >
                                0
                                °
                        </Col>
                        <Col
                                s={12}
                        >
                                0
                                °
                        </Col>
                </Col>
        </Row>
</CardPanel>,
      "l": 4,
      "m": 6,
      "s": 12,
    },
    "ref": null,
    "rendered": Object {
      "instance": null,
      "key": undefined,
      "nodeType": "function",
      "props": Object {
        "children": <Row
          className="center"
>
          <Col
                    className="current-temp"
                    s={6}
          >
                    0
                    °
          </Col>
          <Col
                    s={6}
          >
                    <img
                              alt="weather icon"
                              src="https://openweathermap.org/img/w/icon.png"
                    />
          </Col>
          <Col
                    s={12}
          >
                    <p />
                    <p />
          </Col>
          <Col
                    className="date"
                    s={6}
          >
                    date
          </Col>
          <Col
                    className="high-low"
                    s={6}
          >
                    <Col
                              s={12}
                    >
                              0
                              °
                    </Col>
                    <Col
                              s={12}
                    >
                              0
                              °
                    </Col>
          </Col>
</Row>,
        "className": "grey lighten-3",
      },
      "ref": null,
      "rendered": Object {
        "instance": null,
        "key": undefined,
        "nodeType": "function",
        "props": Object {
          "children": Array [
            <Col
              className="current-temp"
              s={6}
>
              0
              °
</Col>,
            <Col
              s={6}
>
              <img
                            alt="weather icon"
                            src="https://openweathermap.org/img/w/icon.png"
              />
</Col>,
            <Col
              s={12}
>
              <p />
              <p />
</Col>,
            <Col
              className="date"
              s={6}
>
              date
</Col>,
            <Col
              className="high-low"
              s={6}
>
              <Col
                            s={12}
              >
                            0
                            °
              </Col>
              <Col
                            s={12}
              >
                            0
                            °
              </Col>
</Col>,
          ],
          "className": "center",
        },
        "ref": null,
        "rendered": Array [
          Object {
            "instance": null,
            "key": undefined,
            "nodeType": "function",
            "props": Object {
              "children": Array [
                0,
                "°",
              ],
              "className": "current-temp",
              "s": 6,
            },
            "ref": null,
            "rendered": Array [
              0,
              "°",
            ],
            "type": [Function],
          },
          Object {
            "instance": null,
            "key": undefined,
            "nodeType": "function",
            "props": Object {
              "children": <img
                alt="weather icon"
                src="https://openweathermap.org/img/w/icon.png"
/>,
              "s": 6,
            },
            "ref": null,
            "rendered": Object {
              "instance": null,
              "key": undefined,
              "nodeType": "host",
              "props": Object {
                "alt": "weather icon",
                "src": "https://openweathermap.org/img/w/icon.png",
              },
              "ref": null,
              "rendered": null,
              "type": "img",
            },
            "type": [Function],
          },
          Object {
            "instance": null,
            "key": undefined,
            "nodeType": "function",
            "props": Object {
              "children": Array [
                <p />,
                <p />,
              ],
              "s": 12,
            },
            "ref": null,
            "rendered": Array [
              Object {
                "instance": null,
                "key": undefined,
                "nodeType": "host",
                "props": Object {
                  "children": undefined,
                },
                "ref": null,
                "rendered": null,
                "type": "p",
              },
              Object {
                "instance": null,
                "key": undefined,
                "nodeType": "host",
                "props": Object {
                  "children": undefined,
                },
                "ref": null,
                "rendered": null,
                "type": "p",
              },
            ],
            "type": [Function],
          },
          Object {
            "instance": null,
            "key": undefined,
            "nodeType": "function",
            "props": Object {
              "children": "date",
              "className": "date",
              "s": 6,
            },
            "ref": null,
            "rendered": "date",
            "type": [Function],
          },
          Object {
            "instance": null,
            "key": undefined,
            "nodeType": "function",
            "props": Object {
              "children": Array [
                <Col
                  s={12}
>
                  0
                  °
</Col>,
                <Col
                  s={12}
>
                  0
                  °
</Col>,
              ],
              "className": "high-low",
              "s": 6,
            },
            "ref": null,
            "rendered": Array [
              Object {
                "instance": null,
                "key": undefined,
                "nodeType": "function",
                "props": Object {
                  "children": Array [
                    0,
                    "°",
                  ],
                  "s": 12,
                },
                "ref": null,
                "rendered": Array [
                  0,
                  "°",
                ],
                "type": [Function],
              },
              Object {
                "instance": null,
                "key": undefined,
                "nodeType": "function",
                "props": Object {
                  "children": Array [
                    0,
                    "°",
                  ],
                  "s": 12,
                },
                "ref": null,
                "rendered": Array [
                  0,
                  "°",
                ],
                "type": [Function],
              },
            ],
            "type": [Function],
          },
        ],
        "type": [Function],
      },
      "type": [Function],
    },
    "type": [Function],
  },
  Symbol(enzyme.__nodes__): Array [
    Object {
      "instance": null,
      "key": undefined,
      "nodeType": "function",
      "props": Object {
        "children": <CardPanel
          className="grey lighten-3"
>
          <Row
                    className="center"
          >
                    <Col
                              className="current-temp"
                              s={6}
                    >
                              0
                              °
                    </Col>
                    <Col
                              s={6}
                    >
                              <img
                                        alt="weather icon"
                                        src="https://openweathermap.org/img/w/icon.png"
                              />
                    </Col>
                    <Col
                              s={12}
                    >
                              <p />
                              <p />
                    </Col>
                    <Col
                              className="date"
                              s={6}
                    >
                              date
                    </Col>
                    <Col
                              className="high-low"
                              s={6}
                    >
                              <Col
                                        s={12}
                              >
                                        0
                                        °
                              </Col>
                              <Col
                                        s={12}
                              >
                                        0
                                        °
                              </Col>
                    </Col>
          </Row>
</CardPanel>,
        "l": 4,
        "m": 6,
        "s": 12,
      },
      "ref": null,
      "rendered": Object {
        "instance": null,
        "key": undefined,
        "nodeType": "function",
        "props": Object {
          "children": <Row
            className="center"
>
            <Col
                        className="current-temp"
                        s={6}
            >
                        0
                        °
            </Col>
            <Col
                        s={6}
            >
                        <img
                                    alt="weather icon"
                                    src="https://openweathermap.org/img/w/icon.png"
                        />
            </Col>
            <Col
                        s={12}
            >
                        <p />
                        <p />
            </Col>
            <Col
                        className="date"
                        s={6}
            >
                        date
            </Col>
            <Col
                        className="high-low"
                        s={6}
            >
                        <Col
                                    s={12}
                        >
                                    0
                                    °
                        </Col>
                        <Col
                                    s={12}
                        >
                                    0
                                    °
                        </Col>
            </Col>
</Row>,
          "className": "grey lighten-3",
        },
        "ref": null,
        "rendered": Object {
          "instance": null,
          "key": undefined,
          "nodeType": "function",
          "props": Object {
            "children": Array [
              <Col
                className="current-temp"
                s={6}
>
                0
                °
</Col>,
              <Col
                s={6}
>
                <img
                                alt="weather icon"
                                src="https://openweathermap.org/img/w/icon.png"
                />
</Col>,
              <Col
                s={12}
>
                <p />
                <p />
</Col>,
              <Col
                className="date"
                s={6}
>
                date
</Col>,
              <Col
                className="high-low"
                s={6}
>
                <Col
                                s={12}
                >
                                0
                                °
                </Col>
                <Col
                                s={12}
                >
                                0
                                °
                </Col>
</Col>,
            ],
            "className": "center",
          },
          "ref": null,
          "rendered": Array [
            Object {
              "instance": null,
              "key": undefined,
              "nodeType": "function",
              "props": Object {
                "children": Array [
                  0,
                  "°",
                ],
                "className": "current-temp",
                "s": 6,
              },
              "ref": null,
              "rendered": Array [
                0,
                "°",
              ],
              "type": [Function],
            },
            Object {
              "instance": null,
              "key": undefined,
              "nodeType": "function",
              "props": Object {
                "children": <img
                  alt="weather icon"
                  src="https://openweathermap.org/img/w/icon.png"
/>,
                "s": 6,
              },
              "ref": null,
              "rendered": Object {
                "instance": null,
                "key": undefined,
                "nodeType": "host",
                "props": Object {
                  "alt": "weather icon",
                  "src": "https://openweathermap.org/img/w/icon.png",
                },
                "ref": null,
                "rendered": null,
                "type": "img",
              },
              "type": [Function],
            },
            Object {
              "instance": null,
              "key": undefined,
              "nodeType": "function",
              "props": Object {
                "children": Array [
                  <p />,
                  <p />,
                ],
                "s": 12,
              },
              "ref": null,
              "rendered": Array [
                Object {
                  "instance": null,
                  "key": undefined,
                  "nodeType": "host",
                  "props": Object {
                    "children": undefined,
                  },
                  "ref": null,
                  "rendered": null,
                  "type": "p",
                },
                Object {
                  "instance": null,
                  "key": undefined,
                  "nodeType": "host",
                  "props": Object {
                    "children": undefined,
                  },
                  "ref": null,
                  "rendered": null,
                  "type": "p",
                },
              ],
              "type": [Function],
            },
            Object {
              "instance": null,
              "key": undefined,
              "nodeType": "function",
              "props": Object {
                "children": "date",
                "className": "date",
                "s": 6,
              },
              "ref": null,
              "rendered": "date",
              "type": [Function],
            },
            Object {
              "instance": null,
              "key": undefined,
              "nodeType": "function",
              "props": Object {
                "children": Array [
                  <Col
                    s={12}
>
                    0
                    °
</Col>,
                  <Col
                    s={12}
>
                    0
                    °
</Col>,
                ],
                "className": "high-low",
                "s": 6,
              },
              "ref": null,
              "rendered": Array [
                Object {
                  "instance": null,
                  "key": undefined,
                  "nodeType": "function",
                  "props": Object {
                    "children": Array [
                      0,
                      "°",
                    ],
                    "s": 12,
                  },
                  "ref": null,
                  "rendered": Array [
                    0,
                    "°",
                  ],
                  "type": [Function],
                },
                Object {
                  "instance": null,
                  "key": undefined,
                  "nodeType": "function",
                  "props": Object {
                    "children": Array [
                      0,
                      "°",
                    ],
                    "s": 12,
                  },
                  "ref": null,
                  "rendered": Array [
                    0,
                    "°",
                  ],
                  "type": [Function],
                },
              ],
              "type": [Function],
            },
          ],
          "type": [Function],
        },
        "type": [Function],
      },
      "type": [Function],
    },
  ],
  Symbol(enzyme.__options__): Object {
    "adapter": ReactSixteenAdapter {
      "options": Object {
        "enableComponentDidUpdateOnSetState": true,
      },
    },
  },
}
`;
